******************************************************************************
             TMS320C2000 Linker PC v15.12.3                    
******************************************************************************
>> Linked Sat Feb 16 06:27:16 2013

OUTPUT FILE NAME:   <../cSPACE_28335demo.out>
ENTRY POINT SYMBOL: "_c_int00"  address: 0000d4d0


MEMORY CONFIGURATION

         name            origin    length      used     unused   attr    fill
----------------------  --------  ---------  --------  --------  ----  --------
PAGE 0:
  BEGINRAM              00000000   00000002  00000002  00000000  RWIX
  RAMM0                 00000002   000003fe  00000000  000003fe  RWIX
  RAML4L7               0000c000   00004000  00001884  0000277c  RWIX
  ZONE7P                00200000   00010000  00000000  00010000  RWIX
  FLASH                 00300000   0003fff6  00000000  0003fff6  RWIX
  BEGINFLASH            0033fff6   00000002  00000000  00000002  RWIX
  ADC_CAL               00380080   00000009  00000007  00000002  RWIX
  OTP                   00380400   00000400  00000000  00000400  RWIX
  CSM_PWL               003f7ff8   00000008  00000000  00000008  RWIX
  IQTABLES              003fe000   00000b50  00000000  00000b50  RWIX
  IQTABLES2             003feb50   0000008c  00000000  0000008c  RWIX
  FPUTABLES             003febdc   000006a0  00000000  000006a0  RWIX
  ROM                   003ff27c   00000d44  00000000  00000d44  RWIX
  RESET                 003fffc0   00000002  00000000  00000002  RWIX
  VECTORS               003fffc2   0000003e  00000000  0000003e  RWIX

PAGE 1:
  RAMM1                 00000400   00000400  00000200  00000200  RWIX
  DEV_EMU               00000880   00000180  000000d0  000000b0  RWIX
  FLASH_REGS            00000a80   00000060  00000008  00000058  RWIX
  CSM                   00000ae0   00000010  00000010  00000000  RWIX
  ADC_MIRROR            00000b00   00000010  00000010  00000000  RWIX
  XINTF                 00000b20   00000020  0000001e  00000002  RWIX
  CPU_TIMER0            00000c00   00000008  00000008  00000000  RWIX
  CPU_TIMER1            00000c08   00000008  00000008  00000000  RWIX
  CPU_TIMER2            00000c10   00000008  00000008  00000000  RWIX
  PIE_CTRL              00000ce0   00000020  0000001a  00000006  RWIX
  PIE_VECT              00000d00   00000100  00000100  00000000  RWIX
  DMA                   00001000   00000200  000000e0  00000120  RWIX
  MCBSPA                00005000   00000040  00000025  0000001b  RWIX
  MCBSPB                00005040   00000040  00000025  0000001b  RWIX
  ECANA                 00006000   00000040  00000034  0000000c  RWIX
  ECANA_LAM             00006040   00000040  00000040  00000000  RWIX
  ECANA_MOTS            00006080   00000040  00000040  00000000  RWIX
  ECANA_MOTO            000060c0   00000040  00000040  00000000  RWIX
  ECANA_MBOX            00006100   00000100  00000100  00000000  RWIX
  ECANB                 00006200   00000040  00000034  0000000c  RWIX
  ECANB_LAM             00006240   00000040  00000040  00000000  RWIX
  ECANB_MOTS            00006280   00000040  00000040  00000000  RWIX
  ECANB_MOTO            000062c0   00000040  00000040  00000000  RWIX
  ECANB_MBOX            00006300   00000100  00000100  00000000  RWIX
  EPWM1                 00006800   00000022  00000022  00000000  RWIX
  EPWM2                 00006840   00000022  00000022  00000000  RWIX
  EPWM3                 00006880   00000022  00000022  00000000  RWIX
  EPWM4                 000068c0   00000022  00000022  00000000  RWIX
  EPWM5                 00006900   00000022  00000022  00000000  RWIX
  EPWM6                 00006940   00000022  00000022  00000000  RWIX
  ECAP1                 00006a00   00000020  00000020  00000000  RWIX
  ECAP2                 00006a20   00000020  00000020  00000000  RWIX
  ECAP3                 00006a40   00000020  00000020  00000000  RWIX
  ECAP4                 00006a60   00000020  00000020  00000000  RWIX
  ECAP5                 00006a80   00000020  00000020  00000000  RWIX
  ECAP6                 00006aa0   00000020  00000020  00000000  RWIX
  EQEP1                 00006b00   00000040  00000040  00000000  RWIX
  EQEP2                 00006b40   00000040  00000040  00000000  RWIX
  GPIOCTRL              00006f80   00000040  0000002e  00000012  RWIX
  GPIODAT               00006fc0   00000020  00000020  00000000  RWIX
  GPIOINT               00006fe0   00000020  0000000a  00000016  RWIX
  SYSTEM                00007010   00000020  00000020  00000000  RWIX
  SPIA                  00007040   00000010  00000010  00000000  RWIX
  SCIA                  00007050   00000010  00000010  00000000  RWIX
  XINTRUPT              00007070   00000010  00000010  00000000  RWIX
  ADC                   00007100   00000020  0000001e  00000002  RWIX
  SCIB                  00007750   00000010  00000010  00000000  RWIX
  SCIC                  00007770   00000010  00000010  00000000  RWIX
  I2CA                  00007900   00000040  00000022  0000001e  RWIX
  RAML0L3               00008000   00004000  000008ee  00003712  RWIX
  ZONE7D                00210000   00010000  00000000  00010000  RWIX
  CSM_PWL               0033fff8   00000008  00000008  00000000  RWIX


SECTION ALLOCATION MAP

 output                                  attributes/
section   page    origin      length       input sections
--------  ----  ----------  ----------   ----------------
codestart 
*          0    00000000    00000002     
                  00000000    00000002     DSP2833x_CodeStartBranch.obj (codestart)

.text      0    0000c000    0000180b     
                  0000c000    00000a89     cSPACE_28335demo.obj (.text)
                  0000ca89    00000316     DSP2833x_DefaultIsr.obj (.text:retain)
                  0000cd9f    00000243     C_NN_LQR_demo_second.obj (.text)
                  0000cfe2    000000f8     DSP2833x_SysCtrl.obj (.text)
                  0000d0da    000000dc     rts2800_fpu32.lib : e_fmodf.obj (.text)
                  0000d1b6    00000088                       : fs_div.obj (.text)
                  0000d23e    0000007b     DSP2833x_CpuTimers.obj (.text)
                  0000d2b9    0000007b     MW_c28xx_board.obj (.text)
                  0000d334    00000074     rt_nonfinite.obj (.text)
                  0000d3a8    00000072     cSPACE_28335demo.obj (.text:retain)
                  0000d41a    0000005d     ert_main.obj (.text)
                  0000d477    00000059     rts2800_fpu32.lib : s_floorf.obj (.text)
                  0000d4d0    00000056                       : boot.obj (.text)
                  0000d526    00000049     MW_c28xx_csl.obj (.text)
                  0000d56f    00000046     rts2800_fpu32.lib : cpy_tbl.obj (.text)
                  0000d5b5    00000044     c2833xSchedulerTimer0.obj (.text:retain)
                  0000d5f9    00000044     rtGetInf.obj (.text)
                  0000d63d    00000042     DSP28xx_SciUtil.obj (.text)
                  0000d67f    0000003d     c2833xSchedulerTimer0.obj (.text)
                  0000d6bc    0000003b     MW_c28xx_qep.obj (.text)
                  0000d6f7    0000002a     rtGetNaN.obj (.text)
                  0000d721    00000029     rts2800_fpu32.lib : exit.obj (.text)
                  0000d74a    00000028     DSP2833x_PieCtrl.obj (.text)
                  0000d772    00000020     DSP2833x_PieVect.obj (.text)
                  0000d792    0000001e     rts2800_fpu32.lib : memcpy.obj (.text)
                  0000d7b0    0000001a                       : cpy_utils.obj (.text)
                  0000d7ca    00000019                       : args_main.obj (.text)
                  0000d7e3    0000000c                       : memset.obj (.text)
                  0000d7ef    00000009                       : _lock.obj (.text)
                  0000d7f8    00000008     DSP2833x_CodeStartBranch.obj (.text)
                  0000d800    00000008     c2833xBoard_Realtime_Support.obj (.text)
                  0000d808    00000002     rts2800_fpu32.lib : pre_init.obj (.text)
                  0000d80a    00000001                       : startup.obj (.text)

.cinit     0    0000d80b    00000075     
                  0000d80b    00000028     cSPACE_28335demo_data.obj (.cinit)
                  0000d833    00000027     cSPACE_28335demo.obj (.cinit)
                  0000d85a    0000000e     rts2800_fpu32.lib : exit.obj (.cinit)
                  0000d868    00000008     ert_main.obj (.cinit)
                  0000d870    00000005     rts2800_fpu32.lib : _lock.obj (.cinit:__lock)
                  0000d875    00000005                       : _lock.obj (.cinit:__unlock)
                  0000d87a    00000004                       : memory.obj (.cinit)
                  0000d87e    00000002     --HOLE-- [fill = 0]

ramfuncs   0    0000d880    00000004     
                  0000d880    00000004     DSP2833x_usDelay.obj (ramfuncs)

.adc_cal   0    00380080    00000007     NOLOAD SECTION
                  00380080    00000007     DSP2833x_ADC_cal.obj (.adc_cal)

.stack     1    00000400    00000200     UNINITIALIZED
                  00000400    00000200     --HOLE--

DevEmuRegsFile 
*          1    00000880    000000d0     UNINITIALIZED
                  00000880    000000d0     DSP2833x_GlobalVariableDefs.obj (DevEmuRegsFile)

FlashRegsFile 
*          1    00000a80    00000008     UNINITIALIZED
                  00000a80    00000008     DSP2833x_GlobalVariableDefs.obj (FlashRegsFile)

CsmRegsFile 
*          1    00000ae0    00000010     UNINITIALIZED
                  00000ae0    00000010     DSP2833x_GlobalVariableDefs.obj (CsmRegsFile)

AdcMirrorFile 
*          1    00000b00    00000010     UNINITIALIZED
                  00000b00    00000010     DSP2833x_GlobalVariableDefs.obj (AdcMirrorFile)

XintfRegsFile 
*          1    00000b20    0000001e     UNINITIALIZED
                  00000b20    0000001e     DSP2833x_GlobalVariableDefs.obj (XintfRegsFile)

CpuTimer0RegsFile 
*          1    00000c00    00000008     UNINITIALIZED
                  00000c00    00000008     DSP2833x_GlobalVariableDefs.obj (CpuTimer0RegsFile)

CpuTimer1RegsFile 
*          1    00000c08    00000008     UNINITIALIZED
                  00000c08    00000008     DSP2833x_GlobalVariableDefs.obj (CpuTimer1RegsFile)

CpuTimer2RegsFile 
*          1    00000c10    00000008     UNINITIALIZED
                  00000c10    00000008     DSP2833x_GlobalVariableDefs.obj (CpuTimer2RegsFile)

PieCtrlRegsFile 
*          1    00000ce0    0000001a     UNINITIALIZED
                  00000ce0    0000001a     DSP2833x_GlobalVariableDefs.obj (PieCtrlRegsFile)

PieVectTableFile 
*          1    00000d00    00000100     UNINITIALIZED
                  00000d00    00000100     DSP2833x_GlobalVariableDefs.obj (PieVectTableFile)

DmaRegsFile 
*          1    00001000    000000e0     UNINITIALIZED
                  00001000    000000e0     DSP2833x_GlobalVariableDefs.obj (DmaRegsFile)

McbspaRegsFile 
*          1    00005000    00000025     UNINITIALIZED
                  00005000    00000025     DSP2833x_GlobalVariableDefs.obj (McbspaRegsFile)

McbspbRegsFile 
*          1    00005040    00000025     UNINITIALIZED
                  00005040    00000025     DSP2833x_GlobalVariableDefs.obj (McbspbRegsFile)

ECanaRegsFile 
*          1    00006000    00000034     UNINITIALIZED
                  00006000    00000034     DSP2833x_GlobalVariableDefs.obj (ECanaRegsFile)

ECanaLAMRegsFile 
*          1    00006040    00000040     UNINITIALIZED
                  00006040    00000040     DSP2833x_GlobalVariableDefs.obj (ECanaLAMRegsFile)

ECanaMOTSRegsFile 
*          1    00006080    00000040     UNINITIALIZED
                  00006080    00000040     DSP2833x_GlobalVariableDefs.obj (ECanaMOTSRegsFile)

ECanaMOTORegsFile 
*          1    000060c0    00000040     UNINITIALIZED
                  000060c0    00000040     DSP2833x_GlobalVariableDefs.obj (ECanaMOTORegsFile)

ECanaMboxesFile 
*          1    00006100    00000100     UNINITIALIZED
                  00006100    00000100     DSP2833x_GlobalVariableDefs.obj (ECanaMboxesFile)

ECanbRegsFile 
*          1    00006200    00000034     UNINITIALIZED
                  00006200    00000034     DSP2833x_GlobalVariableDefs.obj (ECanbRegsFile)

ECanbLAMRegsFile 
*          1    00006240    00000040     UNINITIALIZED
                  00006240    00000040     DSP2833x_GlobalVariableDefs.obj (ECanbLAMRegsFile)

ECanbMOTSRegsFile 
*          1    00006280    00000040     UNINITIALIZED
                  00006280    00000040     DSP2833x_GlobalVariableDefs.obj (ECanbMOTSRegsFile)

ECanbMOTORegsFile 
*          1    000062c0    00000040     UNINITIALIZED
                  000062c0    00000040     DSP2833x_GlobalVariableDefs.obj (ECanbMOTORegsFile)

ECanbMboxesFile 
*          1    00006300    00000100     UNINITIALIZED
                  00006300    00000100     DSP2833x_GlobalVariableDefs.obj (ECanbMboxesFile)

EPwm1RegsFile 
*          1    00006800    00000022     UNINITIALIZED
                  00006800    00000022     DSP2833x_GlobalVariableDefs.obj (EPwm1RegsFile)

EPwm2RegsFile 
*          1    00006840    00000022     UNINITIALIZED
                  00006840    00000022     DSP2833x_GlobalVariableDefs.obj (EPwm2RegsFile)

EPwm3RegsFile 
*          1    00006880    00000022     UNINITIALIZED
                  00006880    00000022     DSP2833x_GlobalVariableDefs.obj (EPwm3RegsFile)

EPwm4RegsFile 
*          1    000068c0    00000022     UNINITIALIZED
                  000068c0    00000022     DSP2833x_GlobalVariableDefs.obj (EPwm4RegsFile)

EPwm5RegsFile 
*          1    00006900    00000022     UNINITIALIZED
                  00006900    00000022     DSP2833x_GlobalVariableDefs.obj (EPwm5RegsFile)

EPwm6RegsFile 
*          1    00006940    00000022     UNINITIALIZED
                  00006940    00000022     DSP2833x_GlobalVariableDefs.obj (EPwm6RegsFile)

ECap1RegsFile 
*          1    00006a00    00000020     UNINITIALIZED
                  00006a00    00000020     DSP2833x_GlobalVariableDefs.obj (ECap1RegsFile)

ECap2RegsFile 
*          1    00006a20    00000020     UNINITIALIZED
                  00006a20    00000020     DSP2833x_GlobalVariableDefs.obj (ECap2RegsFile)

ECap3RegsFile 
*          1    00006a40    00000020     UNINITIALIZED
                  00006a40    00000020     DSP2833x_GlobalVariableDefs.obj (ECap3RegsFile)

ECap4RegsFile 
*          1    00006a60    00000020     UNINITIALIZED
                  00006a60    00000020     DSP2833x_GlobalVariableDefs.obj (ECap4RegsFile)

ECap5RegsFile 
*          1    00006a80    00000020     UNINITIALIZED
                  00006a80    00000020     DSP2833x_GlobalVariableDefs.obj (ECap5RegsFile)

ECap6RegsFile 
*          1    00006aa0    00000020     UNINITIALIZED
                  00006aa0    00000020     DSP2833x_GlobalVariableDefs.obj (ECap6RegsFile)

EQep1RegsFile 
*          1    00006b00    00000040     UNINITIALIZED
                  00006b00    00000040     DSP2833x_GlobalVariableDefs.obj (EQep1RegsFile)

EQep2RegsFile 
*          1    00006b40    00000040     UNINITIALIZED
                  00006b40    00000040     DSP2833x_GlobalVariableDefs.obj (EQep2RegsFile)

GpioCtrlRegsFile 
*          1    00006f80    0000002e     UNINITIALIZED
                  00006f80    0000002e     DSP2833x_GlobalVariableDefs.obj (GpioCtrlRegsFile)

GpioDataRegsFile 
*          1    00006fc0    00000020     UNINITIALIZED
                  00006fc0    00000020     DSP2833x_GlobalVariableDefs.obj (GpioDataRegsFile)

GpioIntRegsFile 
*          1    00006fe0    0000000a     UNINITIALIZED
                  00006fe0    0000000a     DSP2833x_GlobalVariableDefs.obj (GpioIntRegsFile)

SysCtrlRegsFile 
*          1    00007010    00000020     UNINITIALIZED
                  00007010    00000020     DSP2833x_GlobalVariableDefs.obj (SysCtrlRegsFile)

SpiaRegsFile 
*          1    00007040    00000010     UNINITIALIZED
                  00007040    00000010     DSP2833x_GlobalVariableDefs.obj (SpiaRegsFile)

SciaRegsFile 
*          1    00007050    00000010     UNINITIALIZED
                  00007050    00000010     DSP2833x_GlobalVariableDefs.obj (SciaRegsFile)

XIntruptRegsFile 
*          1    00007070    00000010     UNINITIALIZED
                  00007070    00000010     DSP2833x_GlobalVariableDefs.obj (XIntruptRegsFile)

AdcRegsFile 
*          1    00007100    0000001e     UNINITIALIZED
                  00007100    0000001e     DSP2833x_GlobalVariableDefs.obj (AdcRegsFile)

ScibRegsFile 
*          1    00007750    00000010     UNINITIALIZED
                  00007750    00000010     DSP2833x_GlobalVariableDefs.obj (ScibRegsFile)

ScicRegsFile 
*          1    00007770    00000010     UNINITIALIZED
                  00007770    00000010     DSP2833x_GlobalVariableDefs.obj (ScicRegsFile)

I2caRegsFile 
*          1    00007900    00000022     UNINITIALIZED
                  00007900    00000022     DSP2833x_GlobalVariableDefs.obj (I2caRegsFile)

CsmPwlFile 
*          1    0033fff8    00000008     UNINITIALIZED
                  0033fff8    00000008     DSP2833x_GlobalVariableDefs.obj (CsmPwlFile)

.bss       1    00008000    00000000     UNINITIALIZED

.ebss      1    00008400    0000038a     UNINITIALIZED
                  00008400    00000310     cSPACE_28335demo.obj (.ebss)
                  00008710    00000026     cSPACE_28335demo_data.obj (.ebss)
                  00008736    00000008     rts2800_fpu32.lib : memory.obj (.ebss)
                  0000873e    00000002                       : _lock.obj (.ebss:__lock)
                  00008740    00000018     C_NN_LQR_demo_second.obj (.ebss)
                  00008758    00000018     DSP2833x_CpuTimers.obj (.ebss)
                  00008770    0000000c     rt_nonfinite.obj (.ebss)
                  0000877c    00000004     rt_matrx.obj (.ebss)
                  00008780    00000006     rts2800_fpu32.lib : exit.obj (.ebss)
                  00008786    00000002                       : _lock.obj (.ebss:__unlock)
                  00008788    00000002     ert_main.obj (.ebss)

.pinit     0    0000c000    00000000     UNINITIALIZED

.data      1    00008000    00000000     UNINITIALIZED

.esysmem   1    00008000    00000400     UNINITIALIZED
                  00008000    00000001     rts2800_fpu32.lib : memory.obj (.esysmem)
                  00008001    000003ff     --HOLE--

.econst    1    0000878a    00000164     
                  0000878a    00000100     DSP2833x_PieVect.obj (.econst:_PieVectTableInit)
                  0000888a    00000057     cSPACE_28335demo.obj (.econst:.string)
                  000088e1    00000001     --HOLE-- [fill = 0]
                  000088e2    00000004     rts2800_fpu32.lib : e_fmodf.obj (.econst:_Zero)
                  000088e6    00000002     rtGetNaN.obj (.econst:_$P$T0$1)
                  000088e8    00000002     cSPACE_28335demo.obj (.econst)
                  000088ea    00000002     rts2800_fpu32.lib : e_fmodf.obj (.econst)
                  000088ec    00000002                       : s_floorf.obj (.econst)

.reset     0    003fffc0    00000002     DSECT
                  003fffc0    00000002     rts2800_fpu32.lib : boot.obj (.reset)

MODULE SUMMARY

       Module                             code   ro data   rw data
       ------                             ----   -------   -------
    <current directory>
       cSPACE_28335demo.obj               2811   0         912    
       DSP2833x_GlobalVariableDefs.obj    0      0         2678   
       DSP2833x_DefaultIsr.obj            790    0         0      
       C_NN_LQR_demo_second.obj           579    0         24     
       DSP2833x_PieVect.obj               32     0         256    
       DSP2833x_SysCtrl.obj               248    0         0      
       DSP2833x_CpuTimers.obj             123    0         24     
       c2833xSchedulerTimer0.obj          129    0         0      
       rt_nonfinite.obj                   116    0         12     
       MW_c28xx_board.obj                 123    0         0      
       ert_main.obj                       93     0         10     
       cSPACE_28335demo_data.obj          0      0         78     
       MW_c28xx_csl.obj                   73     0         0      
       rtGetInf.obj                       68     0         0      
       DSP28xx_SciUtil.obj                66     0         0      
       MW_c28xx_qep.obj                   59     0         0      
       rtGetNaN.obj                       42     0         2      
       DSP2833x_PieCtrl.obj               40     0         0      
       DSP2833x_CodeStartBranch.obj       10     0         0      
       c2833xBoard_Realtime_Support.obj   8      0         0      
       DSP2833x_ADC_cal.obj               7      0         0      
       DSP2833x_usDelay.obj               4      0         0      
       rt_matrx.obj                       0      0         4      
    +--+----------------------------------+------+---------+---------+
       Total:                             5421   0         4000   
                                                                  
    D:/ti/ccsv6/tools/compiler/C2000_~1.LTS/lib/rts2800_fpu32.lib
       e_fmodf.obj                        220    0         6      
       fs_div.obj                         136    0         0      
       s_floorf.obj                       89     0         2      
       boot.obj                           86     0         0      
       cpy_tbl.obj                        70     0         0      
       exit.obj                           41     0         20     
       memcpy.obj                         30     0         0      
       cpy_utils.obj                      26     0         0      
       args_main.obj                      25     0         0      
       _lock.obj                          9      0         14     
       memory.obj                         0      0         12     
       memset.obj                         12     0         0      
       pre_init.obj                       2      0         0      
       startup.obj                        1      0         0      
    +--+----------------------------------+------+---------+---------+
       Total:                             747    0         54     
                                                                  
       Heap:                              0      0         1024   
       Stack:                             0      0         512    
    +--+----------------------------------+------+---------+---------+
       Grand Total:                       6168   0         5590   


GLOBAL DATA SYMBOLS: SORTED BY DATA PAGE

address     data page           name
--------    ----------------    ----
00000400      10 (00000400)     __stack

00000880      22 (00000880)     _DevEmuRegs

00000a80      2a (00000a80)     _FlashRegs

00000ae0      2b (00000ac0)     _CsmRegs

00000b00      2c (00000b00)     _AdcMirror
00000b20      2c (00000b00)     _XintfRegs

00000c00      30 (00000c00)     _CpuTimer0Regs
00000c08      30 (00000c00)     _CpuTimer1Regs
00000c10      30 (00000c00)     _CpuTimer2Regs

00000ce0      33 (00000cc0)     _PieCtrlRegs

00000d00      34 (00000d00)     _PieVectTable

00001000      40 (00001000)     _DmaRegs

00005000     140 (00005000)     _McbspaRegs

00005040     141 (00005040)     _McbspbRegs

00006000     180 (00006000)     _ECanaRegs

00006040     181 (00006040)     _ECanaLAMRegs

00006080     182 (00006080)     _ECanaMOTSRegs

000060c0     183 (000060c0)     _ECanaMOTORegs

00006100     184 (00006100)     _ECanaMboxes

00006200     188 (00006200)     _ECanbRegs

00006240     189 (00006240)     _ECanbLAMRegs

00006280     18a (00006280)     _ECanbMOTSRegs

000062c0     18b (000062c0)     _ECanbMOTORegs

00006300     18c (00006300)     _ECanbMboxes

00006800     1a0 (00006800)     _EPwm1Regs

00006840     1a1 (00006840)     _EPwm2Regs

00006880     1a2 (00006880)     _EPwm3Regs

000068c0     1a3 (000068c0)     _EPwm4Regs

00006900     1a4 (00006900)     _EPwm5Regs

00006940     1a5 (00006940)     _EPwm6Regs

00006a00     1a8 (00006a00)     _ECap1Regs
00006a20     1a8 (00006a00)     _ECap2Regs

00006a40     1a9 (00006a40)     _ECap3Regs
00006a60     1a9 (00006a40)     _ECap4Regs

00006a80     1aa (00006a80)     _ECap5Regs
00006aa0     1aa (00006a80)     _ECap6Regs

00006b00     1ac (00006b00)     _EQep1Regs

00006b40     1ad (00006b40)     _EQep2Regs

00006f80     1be (00006f80)     _GpioCtrlRegs

00006fc0     1bf (00006fc0)     _GpioDataRegs
00006fe0     1bf (00006fc0)     _GpioIntRegs

00007010     1c0 (00007000)     _SysCtrlRegs

00007040     1c1 (00007040)     _SpiaRegs
00007050     1c1 (00007040)     _SciaRegs
00007070     1c1 (00007040)     _XIntruptRegs

00007100     1c4 (00007100)     _AdcRegs

00007750     1dd (00007740)     _ScibRegs
00007770     1dd (00007740)     _ScicRegs

00007900     1e4 (00007900)     _I2caRegs

00008000     200 (00008000)     __sys_memory

00008400     210 (00008400)     _WM_Loop_Ini
00008401     210 (00008400)     _i
00008402     210 (00008400)     _geng
00008404     210 (00008400)     _trbuf
00008406     210 (00008400)     _WM_Inter_DAC16_1
00008408     210 (00008400)     _eCANReceive_dataL
0000840a     210 (00008400)     _WM_Inter_DAC16_3
0000840c     210 (00008400)     _WM_Inter_DAC16_2
0000840e     210 (00008400)     _trbuf1
00008410     210 (00008400)     _trbuf2
00008412     210 (00008400)     _WM_Inter_DAC16_4
00008414     210 (00008400)     _trbuf3
00008416     210 (00008400)     _eCANReceive_dataH
00008418     210 (00008400)     _cSPACE_28335demo_DWork
0000841e     210 (00008400)     _control_word
00008426     210 (00008400)     _cSPACE_28335demo_Y
0000842e     210 (00008400)     _GUIwrite_int16

00008440     211 (00008440)     _cSPACE_28335demo_B

00008480     212 (00008480)     _cSPACE_28335demo_M_

00008710     21c (00008700)     _cSPACE_28335demo_P
0000873e     21c (00008700)     __lock

00008740     21d (00008740)     _w_1
00008748     21d (00008740)     _w
00008750     21d (00008740)     _w_2
00008758     21d (00008740)     _CpuTimer1
00008760     21d (00008740)     _CpuTimer2
00008768     21d (00008740)     _CpuTimer0
00008770     21d (00008740)     _rtMinusInf
00008772     21d (00008740)     _rtInf
00008774     21d (00008740)     _rtNaN
00008776     21d (00008740)     _rtMinusInfF
00008778     21d (00008740)     _rtInfF
0000877a     21d (00008740)     _rtNaNF

00008780     21e (00008780)     ___TI_enable_exit_profile_output
00008782     21e (00008780)     ___TI_cleanup_ptr
00008784     21e (00008780)     ___TI_dtors_ptr
00008786     21e (00008780)     __unlock
00008788     21e (00008780)     _IsrOverrun
0000878a     21e (00008780)     _PieVectTableInit

000088e8     223 (000088c0)     _cSPACE_28335demo_M

0033fff8    cfff (0033ffc0)     _CsmPwl


GLOBAL SYMBOLS: SORTED ALPHABETICALLY BY Name 

page  address   name                            
----  -------   ----                            
1     00008000  .bss                            
1     00008000  .data                           
0     0000c000  .text                           
0     0000d721  C$$EXIT                         
0     0000d1b6  FS$$DIV                         
0     0000cb6f  _ADCINT_ISR                     
0     00380080  _ADC_cal                        
1     00000b00  _AdcMirror                      
1     00007100  _AdcRegs                        
0     0000cfc6  _C_NN_LQR_demo_second           
0     0000d27f  _ConfigCpuTimer                 
1     00008768  _CpuTimer0                      
1     00000c00  _CpuTimer0Regs                  
1     00008758  _CpuTimer1                      
1     00000c08  _CpuTimer1Regs                  
1     00008760  _CpuTimer2                      
1     00000c10  _CpuTimer2Regs                  
1     0033fff8  _CsmPwl                         
1     00000ae0  _CsmRegs                        
0     0000d0a9  _CsmUnlock                      
0     0000ca9d  _DATALOG_ISR                    
0     0000cc91  _DINTCH1_ISR                    
0     0000cc9b  _DINTCH2_ISR                    
0     0000cca5  _DINTCH3_ISR                    
0     0000ccaf  _DINTCH4_ISR                    
0     0000ccb9  _DINTCH5_ISR                    
0     0000ccc3  _DINTCH6_ISR                    
0     0000d880  _DSP28x_usDelay                 
1     00000880  _DevEmuRegs                     
0     0000cff5  _DisableDog                     
1     00001000  _DmaRegs                        
0     0000cd1d  _ECAN0INTA_ISR                  
0     0000d3a8  _ECAN0INTA_isr                  
0     0000cd31  _ECAN0INTB_ISR                  
0     0000cd27  _ECAN1INTA_ISR                  
0     0000cd3b  _ECAN1INTB_ISR                  
0     0000cc05  _ECAP1_INT_ISR                  
0     0000cc0f  _ECAP2_INT_ISR                  
0     0000cc19  _ECAP3_INT_ISR                  
0     0000cc23  _ECAP4_INT_ISR                  
0     0000cc2d  _ECAP5_INT_ISR                  
0     0000cc37  _ECAP6_INT_ISR                  
1     00006040  _ECanaLAMRegs                   
1     000060c0  _ECanaMOTORegs                  
1     00006080  _ECanaMOTSRegs                  
1     00006100  _ECanaMboxes                    
1     00006000  _ECanaRegs                      
1     00006240  _ECanbLAMRegs                   
1     000062c0  _ECanbMOTORegs                  
1     00006280  _ECanbMOTSRegs                  
1     00006300  _ECanbMboxes                    
1     00006200  _ECanbRegs                      
1     00006a00  _ECap1Regs                      
1     00006a20  _ECap2Regs                      
1     00006a40  _ECap3Regs                      
1     00006a60  _ECap4Regs                      
1     00006a80  _ECap5Regs                      
1     00006aa0  _ECap6Regs                      
0     0000cab1  _EMUINT_ISR                     
0     0000cbc9  _EPWM1_INT_ISR                  
0     0000cb8d  _EPWM1_TZINT_ISR                
0     0000cbd3  _EPWM2_INT_ISR                  
0     0000cb97  _EPWM2_TZINT_ISR                
0     0000cbdd  _EPWM3_INT_ISR                  
0     0000cba1  _EPWM3_TZINT_ISR                
0     0000cbe7  _EPWM4_INT_ISR                  
0     0000cbab  _EPWM4_TZINT_ISR                
0     0000cbf1  _EPWM5_INT_ISR                  
0     0000cbb5  _EPWM5_TZINT_ISR                
0     0000cbfb  _EPWM6_INT_ISR                  
0     0000cbbf  _EPWM6_TZINT_ISR                
1     00006800  _EPwm1Regs                      
1     00006840  _EPwm2Regs                      
1     00006880  _EPwm3Regs                      
1     000068c0  _EPwm4Regs                      
1     00006900  _EPwm5Regs                      
1     00006940  _EPwm6Regs                      
0     0000cc41  _EQEP1_INT_ISR                  
0     0000cc4b  _EQEP2_INT_ISR                  
1     00006b00  _EQep1Regs                      
1     00006b40  _EQep2Regs                      
0     0000d769  _EnableInterrupts               
1     00000a80  _FlashRegs                      
1     0000842e  _GUIwrite_int16                 
1     00006f80  _GpioCtrlRegs                   
1     00006fc0  _GpioDataRegs                   
1     00006fe0  _GpioIntRegs                    
0     0000cccd  _I2CINT1A_ISR                   
0     0000ccd7  _I2CINT2A_ISR                   
1     00007900  _I2caRegs                       
0     0000cac5  _ILLEGAL_ISR                    
0     0000ca89  _INT13_ISR                      
0     0000ca93  _INT14_ISR                      
0     0000d23e  _InitCpuTimers                  
0     0000d04e  _InitPeripheralClocks           
0     0000d74a  _InitPieCtrl                    
0     0000d772  _InitPieVectTable               
0     0000cffd  _InitPll                        
0     0000cfe2  _InitSysCtrl                    
0     0000d316  _InitXintf16Gpio                
1     00008788  _IsrOverrun                     
0     0000cd81  _LUF_ISR                        
0     0000cd77  _LVF_ISR                        
0     0000cc7d  _MRINTA_ISR                     
0     0000cc69  _MRINTB_ISR                     
0     0000cc87  _MXINTA_ISR                     
0     0000cc73  _MXINTB_ISR                     
1     00005000  _McbspaRegs                     
1     00005040  _McbspbRegs                     
0     0000cabb  _NMI_ISR                        
0     0000cd8b  _PIE_RESERVED                   
1     00000ce0  _PieCtrlRegs                    
1     00000d00  _PieVectTable                   
1     0000878a  _PieVectTableInit               
0     0000caa7  _RTOSINT_ISR                    
0     0000ccf5  _SCIRXINTA_ISR                  
0     0000d3e3  _SCIRXINTA_isr                  
0     0000cd09  _SCIRXINTB_ISR                  
0     0000cce1  _SCIRXINTC_ISR                  
0     0000ccff  _SCITXINTA_ISR                  
0     0000cd13  _SCITXINTB_ISR                  
0     0000cceb  _SCITXINTC_ISR                  
0     0000cb47  _SEQ1INT_ISR                    
0     0000cb51  _SEQ2INT_ISR                    
0     0000cc55  _SPIRXINTA_ISR                  
0     0000cc5f  _SPITXINTA_ISR                  
1     00007050  _SciaRegs                       
1     00007750  _ScibRegs                       
1     00007770  _ScicRegs                       
0     0000cfeb  _ServiceDog                     
1     00007040  _SpiaRegs                       
1     00007010  _SysCtrlRegs                    
0     0000cb79  _TINT0_ISR                      
0     0000d5b5  _TINT0_isr                      
0     0000cb29  _USER10_ISR                     
0     0000cb33  _USER11_ISR                     
0     0000cb3d  _USER12_ISR                     
0     0000cacf  _USER1_ISR                      
0     0000cad9  _USER2_ISR                      
0     0000cae3  _USER3_ISR                      
0     0000caed  _USER4_ISR                      
0     0000caf7  _USER5_ISR                      
0     0000cb01  _USER6_ISR                      
0     0000cb0b  _USER7_ISR                      
0     0000cb15  _USER8_ISR                      
0     0000cb1f  _USER9_ISR                      
0     0000cb83  _WAKEINT_ISR                    
0     0000c6bf  _WM_DA_Convert                  
0     0000c7a7  _WM_DA_IO_Init                  
1     00008406  _WM_Inter_DAC16_1               
1     0000840c  _WM_Inter_DAC16_2               
1     0000840a  _WM_Inter_DAC16_3               
1     00008412  _WM_Inter_DAC16_4               
1     00008400  _WM_Loop_Ini                    
0     0000c7ec  _WriteToAD5754RViaSpi           
0     0000cb5b  _XINT1_ISR                      
0     0000cb65  _XINT2_ISR                      
0     0000cd45  _XINT3_ISR                      
0     0000cd4f  _XINT4_ISR                      
0     0000cd59  _XINT5_ISR                      
0     0000cd63  _XINT6_ISR                      
0     0000cd6d  _XINT7_ISR                      
1     00007070  _XIntruptRegs                   
1     00000b20  _XintfRegs                      
1     00000600  __STACK_END                     
abs   00000200  __STACK_SIZE                    
abs   00000400  __SYSMEM_SIZE                   
1     00008782  ___TI_cleanup_ptr               
1     00008784  ___TI_dtors_ptr                 
1     00008780  ___TI_enable_exit_profile_output
abs   ffffffff  ___TI_pprof_out_hndl            
abs   ffffffff  ___TI_prof_data_size            
abs   ffffffff  ___TI_prof_data_start           
abs   ffffffff  ___binit__                      
1     00008000  ___bss__                        
abs   ffffffff  ___c_args__                     
0     0000d80b  ___cinit__                      
1     00008000  ___data__                       
1     00008000  ___edata__                      
1     00008000  ___end__                        
0     0000d80b  ___etext__                      
abs   ffffffff  ___pinit__                      
0     0000c000  ___text__                       
0     0000d7ca  __args_main                     
1     0000873e  __lock                          
0     0000d7f7  __nop                           
0     0000d7f3  __register_lock                 
0     0000d7ef  __register_unlock               
1     00000400  __stack                         
1     00008000  __sys_memory                    
0     0000d80a  __system_post_cinit             
0     0000d808  __system_pre_init               
1     00008786  __unlock                        
0     0000d721  _abort                          
0     0000d807  _c2000_flash_init               
1     00008440  _cSPACE_28335demo_B             
1     00008418  _cSPACE_28335demo_DWork         
1     000088e8  _cSPACE_28335demo_M             
1     00008480  _cSPACE_28335demo_M_            
1     00008710  _cSPACE_28335demo_P             
1     00008426  _cSPACE_28335demo_Y             
0     0000c36b  _cSPACE_28335demo_initialize    
0     0000c000  _cSPACE_28335demo_step          
0     0000c6b0  _cSPACE_28335demo_terminate     
0     0000d4d0  _c_int00                        
0     0000d6bc  _config_QEP_eQEP1               
0     0000c8d1  _config_eCAN_A_mbx              
0     0000d67f  _configureTimer0                
1     0000841e  _control_word                   
0     0000d56f  _copy_in                        
0     0000d7b0  _ddcopy                         
0     0000c7e3  _delay                          
0     0000d6ae  _disableTimer0Interrupt         
0     0000d526  _disableWatchdog                
0     0000d7b0  _dpcopy                         
1     00008416  _eCANReceive_dataH              
1     00008408  _eCANReceive_dataL              
0     0000d6a6  _enableTimer0Interrupt          
0     0000d531  _enable_interrupts              
0     0000c926  _enable_interruptsCANA0_RX      
0     0000c99a  _enable_interruptsSCIA_RX       
0     0000d723  _exit                           
0     0000d477  _floor                          
0     0000d477  _floorf                         
0     0000d0da  _fmod                           
0     0000d0da  _fmodf                          
1     00008402  _geng                           
0     0000d804  _globalInterruptDisable         
0     0000d800  _globalInterruptEnable          
1     00008401  _i                              
0     0000d535  _init_SCI                       
0     0000c953  _init_SCIA                      
0     0000c986  _init_SCIA_GPIO                 
0     0000d562  _init_SCI_GPIO                  
0     0000d2b9  _init_board                     
0     0000c827  _init_eCAN_A                    
0     0000c9ab  _isr_int9pie1_task_fcnSCIA      
0     0000c937  _isr_int9pie5_task_fcn          
0     0000d42e  _main                           
0     0000d792  _memcpy                         
0     0000d7e3  _memset                         
0     0000d7b0  _pdcopy                         
0     0000d7b0  _ppcopy                         
0     0000cd95  _rsvd_ISR                       
0     0000d5f9  _rtGetInf                       
0     0000d612  _rtGetInfF                      
0     0000d61b  _rtGetMinusInf                  
0     0000d634  _rtGetMinusInfF                 
0     0000d6f7  _rtGetNaN                       
0     0000d710  _rtGetNaNF                      
1     00008772  _rtInf                          
1     00008778  _rtInfF                         
0     0000d35c  _rtIsInf                        
0     0000d374  _rtIsInfF                       
0     0000d38c  _rtIsNaN                        
0     0000d39a  _rtIsNaNF                       
1     00008770  _rtMinusInf                     
1     00008776  _rtMinusInfF                    
1     00008774  _rtNaN                          
1     0000877a  _rtNaNF                         
0     0000d334  _rt_InitInfAndNaN               
0     0000d41a  _rt_OneStep                     
0     0000ca09  _scia_rcv                       
0     0000d63d  _scia_xmit                      
1     00008404  _trbuf                          
1     0000840e  _trbuf1                         
1     00008410  _trbuf2                         
1     00008414  _trbuf3                         
1     00008748  _w                              
1     00008740  _w_1                            
1     00008750  _w_2                            
abs   ffffffff  binit                           
0     0000d80b  cinit                           
0     00000000  code_start                      
1     00008000  edata                           
1     00008000  end                             
0     0000d80b  etext                           
abs   ffffffff  pinit                           


GLOBAL SYMBOLS: SORTED BY Symbol Address 

page  address   name                            
----  -------   ----                            
0     00000000  code_start                      
0     0000c000  .text                           
0     0000c000  ___text__                       
0     0000c000  _cSPACE_28335demo_step          
0     0000c36b  _cSPACE_28335demo_initialize    
0     0000c6b0  _cSPACE_28335demo_terminate     
0     0000c6bf  _WM_DA_Convert                  
0     0000c7a7  _WM_DA_IO_Init                  
0     0000c7e3  _delay                          
0     0000c7ec  _WriteToAD5754RViaSpi           
0     0000c827  _init_eCAN_A                    
0     0000c8d1  _config_eCAN_A_mbx              
0     0000c926  _enable_interruptsCANA0_RX      
0     0000c937  _isr_int9pie5_task_fcn          
0     0000c953  _init_SCIA                      
0     0000c986  _init_SCIA_GPIO                 
0     0000c99a  _enable_interruptsSCIA_RX       
0     0000c9ab  _isr_int9pie1_task_fcnSCIA      
0     0000ca09  _scia_rcv                       
0     0000ca89  _INT13_ISR                      
0     0000ca93  _INT14_ISR                      
0     0000ca9d  _DATALOG_ISR                    
0     0000caa7  _RTOSINT_ISR                    
0     0000cab1  _EMUINT_ISR                     
0     0000cabb  _NMI_ISR                        
0     0000cac5  _ILLEGAL_ISR                    
0     0000cacf  _USER1_ISR                      
0     0000cad9  _USER2_ISR                      
0     0000cae3  _USER3_ISR                      
0     0000caed  _USER4_ISR                      
0     0000caf7  _USER5_ISR                      
0     0000cb01  _USER6_ISR                      
0     0000cb0b  _USER7_ISR                      
0     0000cb15  _USER8_ISR                      
0     0000cb1f  _USER9_ISR                      
0     0000cb29  _USER10_ISR                     
0     0000cb33  _USER11_ISR                     
0     0000cb3d  _USER12_ISR                     
0     0000cb47  _SEQ1INT_ISR                    
0     0000cb51  _SEQ2INT_ISR                    
0     0000cb5b  _XINT1_ISR                      
0     0000cb65  _XINT2_ISR                      
0     0000cb6f  _ADCINT_ISR                     
0     0000cb79  _TINT0_ISR                      
0     0000cb83  _WAKEINT_ISR                    
0     0000cb8d  _EPWM1_TZINT_ISR                
0     0000cb97  _EPWM2_TZINT_ISR                
0     0000cba1  _EPWM3_TZINT_ISR                
0     0000cbab  _EPWM4_TZINT_ISR                
0     0000cbb5  _EPWM5_TZINT_ISR                
0     0000cbbf  _EPWM6_TZINT_ISR                
0     0000cbc9  _EPWM1_INT_ISR                  
0     0000cbd3  _EPWM2_INT_ISR                  
0     0000cbdd  _EPWM3_INT_ISR                  
0     0000cbe7  _EPWM4_INT_ISR                  
0     0000cbf1  _EPWM5_INT_ISR                  
0     0000cbfb  _EPWM6_INT_ISR                  
0     0000cc05  _ECAP1_INT_ISR                  
0     0000cc0f  _ECAP2_INT_ISR                  
0     0000cc19  _ECAP3_INT_ISR                  
0     0000cc23  _ECAP4_INT_ISR                  
0     0000cc2d  _ECAP5_INT_ISR                  
0     0000cc37  _ECAP6_INT_ISR                  
0     0000cc41  _EQEP1_INT_ISR                  
0     0000cc4b  _EQEP2_INT_ISR                  
0     0000cc55  _SPIRXINTA_ISR                  
0     0000cc5f  _SPITXINTA_ISR                  
0     0000cc69  _MRINTB_ISR                     
0     0000cc73  _MXINTB_ISR                     
0     0000cc7d  _MRINTA_ISR                     
0     0000cc87  _MXINTA_ISR                     
0     0000cc91  _DINTCH1_ISR                    
0     0000cc9b  _DINTCH2_ISR                    
0     0000cca5  _DINTCH3_ISR                    
0     0000ccaf  _DINTCH4_ISR                    
0     0000ccb9  _DINTCH5_ISR                    
0     0000ccc3  _DINTCH6_ISR                    
0     0000cccd  _I2CINT1A_ISR                   
0     0000ccd7  _I2CINT2A_ISR                   
0     0000cce1  _SCIRXINTC_ISR                  
0     0000cceb  _SCITXINTC_ISR                  
0     0000ccf5  _SCIRXINTA_ISR                  
0     0000ccff  _SCITXINTA_ISR                  
0     0000cd09  _SCIRXINTB_ISR                  
0     0000cd13  _SCITXINTB_ISR                  
0     0000cd1d  _ECAN0INTA_ISR                  
0     0000cd27  _ECAN1INTA_ISR                  
0     0000cd31  _ECAN0INTB_ISR                  
0     0000cd3b  _ECAN1INTB_ISR                  
0     0000cd45  _XINT3_ISR                      
0     0000cd4f  _XINT4_ISR                      
0     0000cd59  _XINT5_ISR                      
0     0000cd63  _XINT6_ISR                      
0     0000cd6d  _XINT7_ISR                      
0     0000cd77  _LVF_ISR                        
0     0000cd81  _LUF_ISR                        
0     0000cd8b  _PIE_RESERVED                   
0     0000cd95  _rsvd_ISR                       
0     0000cfc6  _C_NN_LQR_demo_second           
0     0000cfe2  _InitSysCtrl                    
0     0000cfeb  _ServiceDog                     
0     0000cff5  _DisableDog                     
0     0000cffd  _InitPll                        
0     0000d04e  _InitPeripheralClocks           
0     0000d0a9  _CsmUnlock                      
0     0000d0da  _fmod                           
0     0000d0da  _fmodf                          
0     0000d1b6  FS$$DIV                         
0     0000d23e  _InitCpuTimers                  
0     0000d27f  _ConfigCpuTimer                 
0     0000d2b9  _init_board                     
0     0000d316  _InitXintf16Gpio                
0     0000d334  _rt_InitInfAndNaN               
0     0000d35c  _rtIsInf                        
0     0000d374  _rtIsInfF                       
0     0000d38c  _rtIsNaN                        
0     0000d39a  _rtIsNaNF                       
0     0000d3a8  _ECAN0INTA_isr                  
0     0000d3e3  _SCIRXINTA_isr                  
0     0000d41a  _rt_OneStep                     
0     0000d42e  _main                           
0     0000d477  _floor                          
0     0000d477  _floorf                         
0     0000d4d0  _c_int00                        
0     0000d526  _disableWatchdog                
0     0000d531  _enable_interrupts              
0     0000d535  _init_SCI                       
0     0000d562  _init_SCI_GPIO                  
0     0000d56f  _copy_in                        
0     0000d5b5  _TINT0_isr                      
0     0000d5f9  _rtGetInf                       
0     0000d612  _rtGetInfF                      
0     0000d61b  _rtGetMinusInf                  
0     0000d634  _rtGetMinusInfF                 
0     0000d63d  _scia_xmit                      
0     0000d67f  _configureTimer0                
0     0000d6a6  _enableTimer0Interrupt          
0     0000d6ae  _disableTimer0Interrupt         
0     0000d6bc  _config_QEP_eQEP1               
0     0000d6f7  _rtGetNaN                       
0     0000d710  _rtGetNaNF                      
0     0000d721  C$$EXIT                         
0     0000d721  _abort                          
0     0000d723  _exit                           
0     0000d74a  _InitPieCtrl                    
0     0000d769  _EnableInterrupts               
0     0000d772  _InitPieVectTable               
0     0000d792  _memcpy                         
0     0000d7b0  _ddcopy                         
0     0000d7b0  _dpcopy                         
0     0000d7b0  _pdcopy                         
0     0000d7b0  _ppcopy                         
0     0000d7ca  __args_main                     
0     0000d7e3  _memset                         
0     0000d7ef  __register_unlock               
0     0000d7f3  __register_lock                 
0     0000d7f7  __nop                           
0     0000d800  _globalInterruptEnable          
0     0000d804  _globalInterruptDisable         
0     0000d807  _c2000_flash_init               
0     0000d808  __system_pre_init               
0     0000d80a  __system_post_cinit             
0     0000d80b  ___cinit__                      
0     0000d80b  ___etext__                      
0     0000d80b  cinit                           
0     0000d80b  etext                           
0     0000d880  _DSP28x_usDelay                 
0     00380080  _ADC_cal                        
1     00000400  __stack                         
1     00000600  __STACK_END                     
1     00000880  _DevEmuRegs                     
1     00000a80  _FlashRegs                      
1     00000ae0  _CsmRegs                        
1     00000b00  _AdcMirror                      
1     00000b20  _XintfRegs                      
1     00000c00  _CpuTimer0Regs                  
1     00000c08  _CpuTimer1Regs                  
1     00000c10  _CpuTimer2Regs                  
1     00000ce0  _PieCtrlRegs                    
1     00000d00  _PieVectTable                   
1     00001000  _DmaRegs                        
1     00005000  _McbspaRegs                     
1     00005040  _McbspbRegs                     
1     00006000  _ECanaRegs                      
1     00006040  _ECanaLAMRegs                   
1     00006080  _ECanaMOTSRegs                  
1     000060c0  _ECanaMOTORegs                  
1     00006100  _ECanaMboxes                    
1     00006200  _ECanbRegs                      
1     00006240  _ECanbLAMRegs                   
1     00006280  _ECanbMOTSRegs                  
1     000062c0  _ECanbMOTORegs                  
1     00006300  _ECanbMboxes                    
1     00006800  _EPwm1Regs                      
1     00006840  _EPwm2Regs                      
1     00006880  _EPwm3Regs                      
1     000068c0  _EPwm4Regs                      
1     00006900  _EPwm5Regs                      
1     00006940  _EPwm6Regs                      
1     00006a00  _ECap1Regs                      
1     00006a20  _ECap2Regs                      
1     00006a40  _ECap3Regs                      
1     00006a60  _ECap4Regs                      
1     00006a80  _ECap5Regs                      
1     00006aa0  _ECap6Regs                      
1     00006b00  _EQep1Regs                      
1     00006b40  _EQep2Regs                      
1     00006f80  _GpioCtrlRegs                   
1     00006fc0  _GpioDataRegs                   
1     00006fe0  _GpioIntRegs                    
1     00007010  _SysCtrlRegs                    
1     00007040  _SpiaRegs                       
1     00007050  _SciaRegs                       
1     00007070  _XIntruptRegs                   
1     00007100  _AdcRegs                        
1     00007750  _ScibRegs                       
1     00007770  _ScicRegs                       
1     00007900  _I2caRegs                       
1     00008000  .bss                            
1     00008000  .data                           
1     00008000  ___bss__                        
1     00008000  ___data__                       
1     00008000  ___edata__                      
1     00008000  ___end__                        
1     00008000  __sys_memory                    
1     00008000  edata                           
1     00008000  end                             
1     00008400  _WM_Loop_Ini                    
1     00008401  _i                              
1     00008402  _geng                           
1     00008404  _trbuf                          
1     00008406  _WM_Inter_DAC16_1               
1     00008408  _eCANReceive_dataL              
1     0000840a  _WM_Inter_DAC16_3               
1     0000840c  _WM_Inter_DAC16_2               
1     0000840e  _trbuf1                         
1     00008410  _trbuf2                         
1     00008412  _WM_Inter_DAC16_4               
1     00008414  _trbuf3                         
1     00008416  _eCANReceive_dataH              
1     00008418  _cSPACE_28335demo_DWork         
1     0000841e  _control_word                   
1     00008426  _cSPACE_28335demo_Y             
1     0000842e  _GUIwrite_int16                 
1     00008440  _cSPACE_28335demo_B             
1     00008480  _cSPACE_28335demo_M_            
1     00008710  _cSPACE_28335demo_P             
1     0000873e  __lock                          
1     00008740  _w_1                            
1     00008748  _w                              
1     00008750  _w_2                            
1     00008758  _CpuTimer1                      
1     00008760  _CpuTimer2                      
1     00008768  _CpuTimer0                      
1     00008770  _rtMinusInf                     
1     00008772  _rtInf                          
1     00008774  _rtNaN                          
1     00008776  _rtMinusInfF                    
1     00008778  _rtInfF                         
1     0000877a  _rtNaNF                         
1     00008780  ___TI_enable_exit_profile_output
1     00008782  ___TI_cleanup_ptr               
1     00008784  ___TI_dtors_ptr                 
1     00008786  __unlock                        
1     00008788  _IsrOverrun                     
1     0000878a  _PieVectTableInit               
1     000088e8  _cSPACE_28335demo_M             
1     0033fff8  _CsmPwl                         
abs   00000200  __STACK_SIZE                    
abs   00000400  __SYSMEM_SIZE                   
abs   ffffffff  ___TI_pprof_out_hndl            
abs   ffffffff  ___TI_prof_data_size            
abs   ffffffff  ___TI_prof_data_start           
abs   ffffffff  ___binit__                      
abs   ffffffff  ___c_args__                     
abs   ffffffff  ___pinit__                      
abs   ffffffff  binit                           
abs   ffffffff  pinit                           

[278 symbols]
